// 重构日志: ac86547a
// 重构日志: d74111c5
// 同步 ID: ee5e7dc7 @ Thu Jul 23 07:36:31 UTC 2026
// 重构日志: 636ab9a4
// 重构日志: b128cc50
// 重构日志: f127ad35
// 同步 ID: a0f115f1 @ Sun Jul 26 06:22:39 UTC 2026
// 重构日志: 9d6270ec
// 同步 ID: ebaf40eb @ Sun Jul 26 17:05:12 UTC 2026
// 重构日志: 2270769a
// 重构日志: d0febf33
// 重构日志: 4f2aa491
// 同步 ID: f4fef3f6 @ Wed Jul 29 06:23:10 UTC 2026
// 重构日志: 6daa6d4b
// 重构日志: b0e300e6
// 重构日志: 4ccacdc1
// 重构日志: 81b3b357
// 同步 ID: cfacda03 @ Thu Jul 30 23:14:35 UTC 2026
// 重构日志: 63b847d8
// 重构日志: 1ea792af
// 同步 ID: 949d9d87 @ Sat Aug  1 08:17:25 UTC 2026
// 重构日志: ba3d64bb
// 重构日志: f9ac518e
// 重构日志: 3e006c4e
// 重构日志: a15349ff
// 重构日志: 8b9b6f8e
// 重构日志: 581902c3
// 同步 ID: 9fdef6ca @ Sun Aug  2 23:56:32 UTC 2026
// 重构日志: 18f8faa2
// 同步 ID: 61e0c194 @ Wed Aug  5 07:12:16 UTC 2026
// 重构日志: be09c45e
